Archive member included because of file (symbol)

c:/winavr-20100110/bin/../lib/gcc/avr/4.3.3/avr5\libgcc.a(_exit.o)
                              c:/winavr-20100110/bin/../lib/gcc/avr/4.3.3/../../../../avr/lib/avr5/crtm328p.o (exit)
c:/winavr-20100110/bin/../lib/gcc/avr/4.3.3/avr5\libgcc.a(_copy_data.o)
                              ./usbdrv/usbdrv.o (__do_copy_data)
c:/winavr-20100110/bin/../lib/gcc/avr/4.3.3/avr5\libgcc.a(_clear_bss.o)
                              ./usbdrv/usbdrv.o (__do_clear_bss)

Allocating common symbols
Common symbol       size              file

usbTxBuf            0xb               ./usbdrv/usbdrv.o
buff                0x10              ./main.o
usbDeviceAddr       0x1               ./usbdrv/usbdrv.o
usbRxToken          0x1               ./usbdrv/usbdrv.o
usbInputBufOffset   0x1               ./usbdrv/usbdrv.o
addr                0x1               ./main.o
usbMsgPtr           0x2               ./usbdrv/usbdrv.o
usbRxLen            0x1               ./usbdrv/usbdrv.o
usbNewDeviceAddr    0x1               ./usbdrv/usbdrv.o
usbCurrentTok       0x1               ./usbdrv/usbdrv.o
usbConfiguration    0x1               ./usbdrv/usbdrv.o
usbRxBuf            0x16              ./usbdrv/usbdrv.o

Memory Configuration

Name             Origin             Length             Attributes
text             0x00000000         0x00020000         xr
data             0x00800060         0x0000ffa0         rw !x
eeprom           0x00810000         0x00010000         rw !x
fuse             0x00820000         0x00000400         rw !x
lock             0x00830000         0x00000400         rw !x
signature        0x00840000         0x00000400         rw !x
*default*        0x00000000         0xffffffff

Linker script and memory map

Address of section .data set to 0x800100
LOAD c:/winavr-20100110/bin/../lib/gcc/avr/4.3.3/../../../../avr/lib/avr5/crtm328p.o
LOAD ./usbdrv/oddebug.o
LOAD ./usbdrv/usbdrv.o
LOAD ./usbdrv/usbdrvasm.o
LOAD ./lcd_lib_4bit.o
LOAD ./main.o
LOAD c:/winavr-20100110/bin/../lib/gcc/avr/4.3.3/avr5\libgcc.a
LOAD c:/winavr-20100110/bin/../lib/gcc/avr/4.3.3/../../../../avr/lib/avr5\libc.a
LOAD c:/winavr-20100110/bin/../lib/gcc/avr/4.3.3/avr5\libgcc.a

.hash
 *(.hash)

.dynsym
 *(.dynsym)

.dynstr
 *(.dynstr)

.gnu.version
 *(.gnu.version)

.gnu.version_d
 *(.gnu.version_d)

.gnu.version_r
 *(.gnu.version_r)

.rel.init
 *(.rel.init)

.rela.init
 *(.rela.init)

.rel.text
 *(.rel.text)
 *(.rel.text.*)
 *(.rel.gnu.linkonce.t*)

.rela.text
 *(.rela.text)
 *(.rela.text.*)
 *(.rela.gnu.linkonce.t*)

.rel.fini
 *(.rel.fini)

.rela.fini
 *(.rela.fini)

.rel.rodata
 *(.rel.rodata)
 *(.rel.rodata.*)
 *(.rel.gnu.linkonce.r*)

.rela.rodata
 *(.rela.rodata)
 *(.rela.rodata.*)
 *(.rela.gnu.linkonce.r*)

.rel.data
 *(.rel.data)
 *(.rel.data.*)
 *(.rel.gnu.linkonce.d*)

.rela.data
 *(.rela.data)
 *(.rela.data.*)
 *(.rela.gnu.linkonce.d*)

.rel.ctors
 *(.rel.ctors)

.rela.ctors
 *(.rela.ctors)

.rel.dtors
 *(.rel.dtors)

.rela.dtors
 *(.rela.dtors)

.rel.got
 *(.rel.got)

.rela.got
 *(.rela.got)

.rel.bss
 *(.rel.bss)

.rela.bss
 *(.rela.bss)

.rel.plt
 *(.rel.plt)

.rela.plt
 *(.rela.plt)

.text           0x00000000      0xb42
 *(.vectors)
 .vectors       0x00000000       0x68 c:/winavr-20100110/bin/../lib/gcc/avr/4.3.3/../../../../avr/lib/avr5/crtm328p.o
                0x00000000                __vectors
                0x00000000                __vector_default
 *(.vectors)
 *(.progmem.gcc*)
 *(.progmem*)
 .progmem.data  0x00000068       0x4a ./usbdrv/usbdrv.o
                0x0000008e                usbDescriptorDevice
                0x00000068                usbDescriptorString0
                0x000000a0                usbDescriptorConfiguration
                0x0000006c                usbDescriptorStringVendor
                0x00000080                usbDescriptorStringDevice
 .progmem.data  0x000000b2       0x40 ./lcd_lib_4bit.o
                0x000000b2                LcdCustomChar
                0x000000f2                . = ALIGN (0x2)
                0x000000f2                __trampolines_start = .
 *(.trampolines)
 .trampolines   0x000000f2        0x0 linker stubs
 *(.trampolines*)
                0x000000f2                __trampolines_end = .
 *(.jumptables)
 *(.jumptables*)
 *(.lowtext)
 *(.lowtext*)
                0x000000f2                __ctors_start = .
 *(.ctors)
                0x000000f2                __ctors_end = .
                0x000000f2                __dtors_start = .
 *(.dtors)
                0x000000f2                __dtors_end = .
 SORT(*)(.ctors)
 SORT(*)(.dtors)
 *(.init0)
 .init0         0x000000f2        0x0 c:/winavr-20100110/bin/../lib/gcc/avr/4.3.3/../../../../avr/lib/avr5/crtm328p.o
                0x000000f2                __init
 *(.init0)
 *(.init1)
 *(.init1)
 *(.init2)
 .init2         0x000000f2        0xc c:/winavr-20100110/bin/../lib/gcc/avr/4.3.3/../../../../avr/lib/avr5/crtm328p.o
 *(.init2)
 *(.init3)
 *(.init3)
 *(.init4)
 .init4         0x000000fe       0x16 c:/winavr-20100110/bin/../lib/gcc/avr/4.3.3/avr5\libgcc.a(_copy_data.o)
                0x000000fe                __do_copy_data
 .init4         0x00000114       0x10 c:/winavr-20100110/bin/../lib/gcc/avr/4.3.3/avr5\libgcc.a(_clear_bss.o)
                0x00000114                __do_clear_bss
 *(.init4)
 *(.init5)
 *(.init5)
 *(.init6)
 *(.init6)
 *(.init7)
 *(.init7)
 *(.init8)
 *(.init8)
 *(.init9)
 .init9         0x00000124        0x8 c:/winavr-20100110/bin/../lib/gcc/avr/4.3.3/../../../../avr/lib/avr5/crtm328p.o
 *(.init9)
 *(.text)
 .text          0x0000012c        0x4 c:/winavr-20100110/bin/../lib/gcc/avr/4.3.3/../../../../avr/lib/avr5/crtm328p.o
                0x0000012c                __vector_22
                0x0000012c                __vector_24
                0x0000012c                __vector_12
                0x0000012c                __bad_interrupt
                0x0000012c                __vector_6
                0x0000012c                __vector_3
                0x0000012c                __vector_23
                0x0000012c                __vector_25
                0x0000012c                __vector_11
                0x0000012c                __vector_13
                0x0000012c                __vector_17
                0x0000012c                __vector_19
                0x0000012c                __vector_7
                0x0000012c                __vector_5
                0x0000012c                __vector_4
                0x0000012c                __vector_9
                0x0000012c                __vector_2
                0x0000012c                __vector_21
                0x0000012c                __vector_15
                0x0000012c                __vector_8
                0x0000012c                __vector_14
                0x0000012c                __vector_10
                0x0000012c                __vector_16
                0x0000012c                __vector_18
                0x0000012c                __vector_20
 .text          0x00000130        0x0 ./usbdrv/oddebug.o
 .text          0x00000130      0x1f2 ./usbdrv/usbdrv.o
                0x0000013e                usbPoll
                0x00000130                usbInit
 .text          0x00000322      0x248 ./usbdrv/usbdrvasm.o
                0x00000354                __vector_1
                0x00000322                usbCrc16
                0x0000034c                usbCrc16Append
 .text          0x0000056a      0x4f4 ./lcd_lib_4bit.o
                0x00000a26                CHB_LCDcursorLeft
                0x00000774                CHA_LCDshiftLeft
                0x000009ee                CHB_LCDshiftLeft
                0x00000684                CHA_LCDdefinechar
                0x000005e0                CHA_LCDsendCommand
                0x00000a42                CHB_LCDcursorRight
                0x0000089e                CHB_LCDclr
                0x000008a6                CHB_LCDstringLine
                0x00000a0a                CHB_LCDshiftRight
                0x0000062c                CHA_LCDstringLine
                0x00000624                CHA_LCDclr
                0x00000594                CHA_LCDsendChar
                0x00000666                CHA_LCDGotoXY
                0x00000946                CHB_LCDinit
                0x000007ac                CHA_LCDcursorLeft
                0x000008e0                CHB_LCDGotoXY
                0x0000085a                CHB_LCDsendCommand
                0x000008fe                CHB_LCDdefinechar
                0x000006cc                CHA_LCDinit
                0x000007c8                CHA_LCDcursorRight
                0x0000080e                CHB_LCDsendChar
                0x00000790                CHA_LCDshiftRight
 .text          0x00000a5e       0xe0 ./main.o
                0x00000a5e                usbFunctionSetup
                0x00000aca                main
 .text          0x00000b3e        0x0 c:/winavr-20100110/bin/../lib/gcc/avr/4.3.3/avr5\libgcc.a(_exit.o)
 .text          0x00000b3e        0x0 c:/winavr-20100110/bin/../lib/gcc/avr/4.3.3/avr5\libgcc.a(_copy_data.o)
 .text          0x00000b3e        0x0 c:/winavr-20100110/bin/../lib/gcc/avr/4.3.3/avr5\libgcc.a(_clear_bss.o)
                0x00000b3e                . = ALIGN (0x2)
 *(.text.*)
 .text.libgcc   0x00000b3e        0x0 c:/winavr-20100110/bin/../lib/gcc/avr/4.3.3/avr5\libgcc.a(_exit.o)
 .text.libgcc   0x00000b3e        0x0 c:/winavr-20100110/bin/../lib/gcc/avr/4.3.3/avr5\libgcc.a(_copy_data.o)
 .text.libgcc   0x00000b3e        0x0 c:/winavr-20100110/bin/../lib/gcc/avr/4.3.3/avr5\libgcc.a(_clear_bss.o)
                0x00000b3e                . = ALIGN (0x2)
 *(.fini9)
 .fini9         0x00000b3e        0x0 c:/winavr-20100110/bin/../lib/gcc/avr/4.3.3/avr5\libgcc.a(_exit.o)
                0x00000b3e                exit
                0x00000b3e                _exit
 *(.fini9)
 *(.fini8)
 *(.fini8)
 *(.fini7)
 *(.fini7)
 *(.fini6)
 *(.fini6)
 *(.fini5)
 *(.fini5)
 *(.fini4)
 *(.fini4)
 *(.fini3)
 *(.fini3)
 *(.fini2)
 *(.fini2)
 *(.fini1)
 *(.fini1)
 *(.fini0)
 .fini0         0x00000b3e        0x4 c:/winavr-20100110/bin/../lib/gcc/avr/4.3.3/avr5\libgcc.a(_exit.o)
 *(.fini0)
                0x00000b42                _etext = .

.data           0x00800100       0x22 load address 0x00000b42
                0x00800100                PROVIDE (__data_start, .)
 *(.data)
 .data          0x00800100        0x0 c:/winavr-20100110/bin/../lib/gcc/avr/4.3.3/../../../../avr/lib/avr5/crtm328p.o
 .data          0x00800100        0x0 ./usbdrv/oddebug.o
 .data          0x00800100        0x2 ./usbdrv/usbdrv.o
                0x00800100                usbTxLen
 .data          0x00800102        0x0 ./usbdrv/usbdrvasm.o
 .data          0x00800102        0x0 ./lcd_lib_4bit.o
 .data          0x00800102       0x20 ./main.o
                0x00800102                lcdinit
                0x00800112                usbinit
 .data          0x00800122        0x0 c:/winavr-20100110/bin/../lib/gcc/avr/4.3.3/avr5\libgcc.a(_exit.o)
 .data          0x00800122        0x0 c:/winavr-20100110/bin/../lib/gcc/avr/4.3.3/avr5\libgcc.a(_copy_data.o)
 .data          0x00800122        0x0 c:/winavr-20100110/bin/../lib/gcc/avr/4.3.3/avr5\libgcc.a(_clear_bss.o)
 *(.data*)
 *(.rodata)
 *(.rodata*)
 *(.gnu.linkonce.d*)
                0x00800122                . = ALIGN (0x2)
                0x00800122                _edata = .
                0x00800122                PROVIDE (__data_end, .)

.bss            0x00800122       0x7c
                0x00800122                PROVIDE (__bss_start, .)
 *(.bss)
 .bss           0x00800122        0x0 c:/winavr-20100110/bin/../lib/gcc/avr/4.3.3/../../../../avr/lib/avr5/crtm328p.o
 .bss           0x00800122        0x0 ./usbdrv/oddebug.o
 .bss           0x00800122        0x1 ./usbdrv/usbdrv.o
 .bss           0x00800123        0x0 ./usbdrv/usbdrvasm.o
 .bss           0x00800123        0x0 ./lcd_lib_4bit.o
 .bss           0x00800123       0x40 ./main.o
                0x00800133                lna1
                0x00800153                lnb1
                0x00800123                lna0
                0x00800143                lnb0
 .bss           0x00800163        0x0 c:/winavr-20100110/bin/../lib/gcc/avr/4.3.3/avr5\libgcc.a(_exit.o)
 .bss           0x00800163        0x0 c:/winavr-20100110/bin/../lib/gcc/avr/4.3.3/avr5\libgcc.a(_copy_data.o)
 .bss           0x00800163        0x0 c:/winavr-20100110/bin/../lib/gcc/avr/4.3.3/avr5\libgcc.a(_clear_bss.o)
 *(.bss*)
 *(COMMON)
 COMMON         0x00800163       0x2a ./usbdrv/usbdrv.o
                0x00800163                usbTxBuf
                0x0080016e                usbDeviceAddr
                0x0080016f                usbRxToken
                0x00800170                usbInputBufOffset
                0x00800171                usbMsgPtr
                0x00800173                usbRxLen
                0x00800174                usbNewDeviceAddr
                0x00800175                usbCurrentTok
                0x00800176                usbConfiguration
                0x00800177                usbRxBuf
 COMMON         0x0080018d       0x11 ./main.o
                0x0080018d                buff
                0x0080019d                addr
                0x0080019e                PROVIDE (__bss_end, .)
                0x00000b42                __data_load_start = LOADADDR (.data)
                0x00000b64                __data_load_end = (__data_load_start + SIZEOF (.data))

.noinit         0x0080019e        0x0
                0x0080019e                PROVIDE (__noinit_start, .)
 *(.noinit*)
                0x0080019e                PROVIDE (__noinit_end, .)
                0x0080019e                _end = .
                0x0080019e                PROVIDE (__heap_start, .)

.eeprom         0x00810000        0x0
 *(.eeprom*)
                0x00810000                __eeprom_end = .

.fuse
 *(.fuse)
 *(.lfuse)
 *(.hfuse)
 *(.efuse)

.lock
 *(.lock*)

.signature
 *(.signature*)

.stab
 *(.stab)

.stabstr
 *(.stabstr)

.stab.excl
 *(.stab.excl)

.stab.exclstr
 *(.stab.exclstr)

.stab.index
 *(.stab.index)

.stab.indexstr
 *(.stab.indexstr)

.comment
 *(.comment)

.debug
 *(.debug)

.line
 *(.line)

.debug_srcinfo
 *(.debug_srcinfo)

.debug_sfnames
 *(.debug_sfnames)

.debug_aranges
 *(.debug_aranges)

.debug_pubnames
 *(.debug_pubnames)

.debug_info
 *(.debug_info)
 *(.gnu.linkonce.wi.*)

.debug_abbrev
 *(.debug_abbrev)

.debug_line
 *(.debug_line)

.debug_frame
 *(.debug_frame)

.debug_str
 *(.debug_str)

.debug_loc
 *(.debug_loc)

.debug_macinfo
 *(.debug_macinfo)
OUTPUT(LCD-USB.elf elf32-avr)
LOAD linker stubs
